// Jest Snapshot v1, https://goo.gl/fbAQLP

exports[`<Responsive /> <Responsive children /> renders its content when there is no constraints 1`] = `
<p>
  Hello
</p>
`;

exports[`<Responsive /> <Responsive children /> renders its content when using \`maximum\` 1`] = `
<p>
  Hello
</p>
`;

exports[`<Responsive /> <Responsive children /> renders its content when using \`maximum\` and \`minimum\` 1`] = `
<p>
  Hello
</p>
`;

exports[`<Responsive /> <Responsive children /> renders its content when using \`minimum\` 1`] = `
<p>
  Hello
</p>
`;

exports[`<Responsive /> <Responsive render /> renders its content when there is no constraints 1`] = `
<p>
  Hello
</p>
`;

exports[`<Responsive /> <Responsive render /> renders its content when using \`maximum\` 1`] = `
<p>
  Hello
</p>
`;

exports[`<Responsive /> <Responsive render /> renders its content when using \`maximum\` and \`minimum\` 1`] = `
<p>
  Hello
</p>
`;

exports[`<Responsive /> <Responsive render /> renders its content when using \`minimum\` 1`] = `
<p>
  Hello
</p>
`;
